=== LOG KLIK MANUAL ===

[KLIK] Elemen: DIV
Class: x1i10hfl xjbqb8w x1ejq31n x18oe1m7 x1sy0etr xstzfhl x972fbf x10w94by x1qhh985 x14e42zd x9f619 x1ypdohk x3ct3a4 xdj266r x14z9mp xat24cr x1lziwak x1hl2dhg xggy1nq x1a2a7pz x6s0dn4 x15mokao x1ga7v0g x16uus16 xbiv7yw x78zum5 x1xq6q5s x1iyjqo2 xs83m0k xl56j7k x6ikm8r x10wlt62 xz9dl7a xv54qhq xsag5q8 xf7dkkf x1n2onr6 x2b8uid x87ps6o x1d5wrs8
Role: tab
Text: Requests (2)
HTML: <div aria-selected="false" class="x1i10hfl xjbqb8w x1ejq31n x18oe1m7 x1sy0etr xstzfhl x972fbf x10w94by x1qhh985 x14e42zd x9f619 x1ypdohk x3ct3a4 xdj26

[KLIK] Elemen: DIV
Class: x1i10hfl x1qjc9v5 xjbqb8w xjqpnuy xc5r6h4 xqeqjp1 x1phubyo x13fuv20 x18b5jzi x1q0q8m5 x1t7ytsu x972fbf x10w94by x1qhh985 x14e42zd x9f619 x1ypdohk xdl72j9 x2lah0s x3ct3a4 x2lwn1j xeuugli xexx8yu xyri2b x18d9i69 x1c1uobl x1n2onr6 x16tdsg8 x1hl2dhg xggy1nq x1ja2u2z x1t137rt x1q0g3np x87ps6o x1lku1pv x1a2a7pz x4gyw5p xd3so5o x1l895ks x6nl9eh x1a5l9x9 x7vuprf x1mg3h75 x1lliihq xdj266r x14z9mp xat24cr x1lziwak xg6hnt2 x18wri0h
Role: button
Text: Ryan min mati lampu dah 3 hari di jalan merdeka   · 1m Unread
HTML: <div class="x1i10hfl x1qjc9v5 xjbqb8w xjqpnuy xc5r6h4 xqeqjp1 x1phubyo x13fuv20 x18b5jzi x1q0q8m5 x1t7ytsu x972fbf x10w94by x1qhh985 x14e42zd x9f619 x

[KLIK] Elemen: DIV
Class: x1i10hfl xjqpnuy xc5r6h4 xqeqjp1 x1phubyo xdl72j9 x2lah0s x3ct3a4 xdj266r x14z9mp xat24cr x1lziwak x2lwn1j xeuugli x1hl2dhg xggy1nq x1ja2u2z x1t137rt x1q0g3np x1a2a7pz x6s0dn4 xjyslct x1ejq31n x18oe1m7 x1sy0etr xstzfhl x9f619 x1ypdohk x1f6kntn xl56j7k x17ydfre x2b8uid xlyipyv x87ps6o x5c86q x18br7mf x1i0vuye xh8yej3 x11q7cde xr5sc7 xf8g3cd x20cjte xt0b8zv xjbqb8w xr9e8f9 x1e4oeot x1ui04y5 x6en5u8 x972fbf x10w94by x1qhh985 x14e42zd xt0psk2 xt7dq6l xexx8yu xyri2b x18d9i69 x1c1uobl x1n2onr6 x1n5bzlp
Role: button
Text: Accept
HTML: <div class="x1i10hfl xjqpnuy xc5r6h4 xqeqjp1 x1phubyo xdl72j9 x2lah0s x3ct3a4 xdj266r x14z9mp xat24cr x1lziwak x2lwn1j xeuugli x1hl2dhg xggy1nq x1ja2u

[KLIK] Elemen: BUTTON
Class: xjbqb8w x1qhh985 x10w94by x14e42zd x1yvgwvq x13fuv20 x178xt8z x1ypdohk xvs91rp x1evy7pa xdj266r x14z9mp xat24cr x1lziwak x1wxaq2x x1iorvi4 xf159sx xjkvuk6 xmzvs34 x2b8uid x87ps6o xxymvpz xh8yej3 x52vrxo x4gyw5p x5n08af
Role: null
Text: Primary
HTML: <button class="xjbqb8w x1qhh985 x10w94by x14e42zd x1yvgwvq x13fuv20 x178xt8z x1ypdohk xvs91rp x1evy7pa xdj266r x14z9mp xat24cr x1lziwak x1wxaq2x x1ior

[KLIK] Elemen: DIV
Class: x1i10hfl x1qjc9v5 xjbqb8w xjqpnuy xc5r6h4 xqeqjp1 x1phubyo x13fuv20 x18b5jzi x1q0q8m5 x1t7ytsu x972fbf x10w94by x1qhh985 x14e42zd x9f619 x1ypdohk xdl72j9 x2lah0s x3ct3a4 x2lwn1j xeuugli xexx8yu xyri2b x18d9i69 x1c1uobl x1n2onr6 x16tdsg8 x1hl2dhg xggy1nq x1ja2u2z x1t137rt x1q0g3np x87ps6o x1lku1pv x1a2a7pz x4gyw5p xd3so5o x1l895ks x6nl9eh x1a5l9x9 x7vuprf x1mg3h75 x1lliihq xdj266r x14z9mp xat24cr x1lziwak xg6hnt2 x18wri0h
Role: button
Text: Bguss Store min   · 2m Unread
HTML: <div class="x1i10hfl x1qjc9v5 xjbqb8w xjqpnuy xc5r6h4 xqeqjp1 x1phubyo x13fuv20 x18b5jzi x1q0q8m5 x1t7ytsu x972fbf x10w94by x1qhh985 x14e42zd x9f619 x

[KLIK] Elemen: DIV
Class: x1i10hfl xjqpnuy xc5r6h4 xqeqjp1 x1phubyo xdl72j9 x2lah0s x3ct3a4 xdj266r x14z9mp xat24cr x1lziwak x2lwn1j xeuugli x1hl2dhg xggy1nq x1ja2u2z x1t137rt x1q0g3np x1a2a7pz x6s0dn4 xjyslct x1ejq31n x18oe1m7 x1sy0etr xstzfhl x9f619 x1ypdohk x1f6kntn xl56j7k x17ydfre x2b8uid xlyipyv x87ps6o x5c86q x18br7mf x1i0vuye xh8yej3 x11q7cde xr5sc7 xf8g3cd x20cjte xt0b8zv xjbqb8w xr9e8f9 x1e4oeot x1ui04y5 x6en5u8 x972fbf x10w94by x1qhh985 x14e42zd xt0psk2 xt7dq6l xexx8yu xyri2b x18d9i69 x1c1uobl x1n2onr6 x1n5bzlp
Role: button
Text: Accept
HTML: <div class="x1i10hfl xjqpnuy xc5r6h4 xqeqjp1 x1phubyo xdl72j9 x2lah0s x3ct3a4 xdj266r x14z9mp xat24cr x1lziwak x2lwn1j xeuugli x1hl2dhg xggy1nq x1ja2u

[KLIK] Elemen: BUTTON
Class: xjbqb8w x1qhh985 x10w94by x14e42zd x1yvgwvq x13fuv20 x178xt8z x1ypdohk xvs91rp x1evy7pa xdj266r x14z9mp xat24cr x1lziwak x1wxaq2x x1iorvi4 xf159sx xjkvuk6 xmzvs34 x2b8uid x87ps6o xxymvpz xh8yej3 x52vrxo x4gyw5p x5n08af
Role: null
Text: General
HTML: <button class="xjbqb8w x1qhh985 x10w94by x14e42zd x1yvgwvq x13fuv20 x178xt8z x1ypdohk xvs91rp x1evy7pa xdj266r x14z9mp xat24cr x1lziwak x1wxaq2x x1ior

[KLIK] Elemen: DIV
Class: html-div xdj266r x14z9mp xat24cr x1lziwak xpqajaz x9f619 x78zum5 x1iyjqo2 xs83m0k x1n2onr6 xh8yej3 xexx8yu xyri2b x18d9i69 x1c1uobl
Role: null
Text:    Message...
HTML: <div class="html-div xdj266r x14z9mp xat24cr x1lziwak xpqajaz x9f619 x78zum5 x1iyjqo2 xs83m0k x1n2onr6 xh8yej3 xexx8yu xyri2b x18d9i69 x1c1uobl"><div 

[KLIK] Elemen: P
Class: xat24cr xdj266r
Role: null
Text:  
HTML: <p class="xat24cr xdj266r" dir="auto"><br data-lexical-managed-linebreak="true"></p>

[KLIK] Elemen: DIV
Class: x1i10hfl x972fbf x10w94by x1qhh985 x14e42zd x9f619 x3ct3a4 xdj266r xat24cr x1lziwak x16tdsg8 x1hl2dhg xggy1nq x1a2a7pz x6s0dn4 xjbqb8w x1ejq31n x18oe1m7 x1sy0etr xstzfhl x1ypdohk x78zum5 xl56j7k x1y1aw1k xf159sx xwib8y2 xmzvs34 x1epzrsm x4gyw5p x1jplu5e x1o7uuvo x14snt5h xbmvrgn
Role: button
Text: Back
HTML: <div class="x1i10hfl x972fbf x10w94by x1qhh985 x14e42zd x9f619 x3ct3a4 xdj266r xat24cr x1lziwak x16tdsg8 x1hl2dhg xggy1nq x1a2a7pz x6s0dn4 xjbqb8w x1e

[KLIK] Elemen: DIV
Class: x1i10hfl xjbqb8w x1ejq31n x18oe1m7 x1sy0etr xstzfhl x972fbf x10w94by x1qhh985 x14e42zd x9f619 x1ypdohk x3ct3a4 xdj266r x14z9mp xat24cr x1lziwak x1hl2dhg xggy1nq x1a2a7pz x6s0dn4 x15mokao x1ga7v0g x16uus16 xbiv7yw x78zum5 x1xq6q5s x1iyjqo2 xs83m0k xl56j7k x6ikm8r x10wlt62 xz9dl7a xv54qhq xsag5q8 xf7dkkf x1n2onr6 x2b8uid x87ps6o x1d5wrs8
Role: tab
Text: General
HTML: <div aria-selected="false" class="x1i10hfl xjbqb8w x1ejq31n x18oe1m7 x1sy0etr xstzfhl x972fbf x10w94by x1qhh985 x14e42zd x9f619 x1ypdohk x3ct3a4 xdj26

[KLIK] Elemen: DIV
Class: x1i10hfl x1qjc9v5 xjbqb8w xjqpnuy xc5r6h4 xqeqjp1 x1phubyo x13fuv20 x18b5jzi x1q0q8m5 x1t7ytsu x972fbf x10w94by x1qhh985 x14e42zd x9f619 x1ypdohk xdl72j9 x2lah0s x3ct3a4 x2lwn1j xeuugli xexx8yu xyri2b x18d9i69 x1c1uobl x1n2onr6 x16tdsg8 x1hl2dhg xggy1nq x1ja2u2z x1t137rt x1q0g3np x87ps6o x1lku1pv x1a2a7pz x4gyw5p xd3so5o x1l895ks x6nl9eh x1a5l9x9 x7vuprf x1mg3h75 x1lliihq xdj266r x14z9mp xat24cr x1lziwak xg6hnt2 x18wri0h
Role: button
Text: Bguss min aik pdam di btn tanjung pura dah 3 hari dak jaln   · 41m
HTML: <div class="x1i10hfl x1qjc9v5 xjbqb8w xjqpnuy xc5r6h4 xqeqjp1 x1phubyo x13fuv20 x18b5jzi x1q0q8m5 x1t7ytsu x972fbf x10w94by x1qhh985 x14e42zd x9f619 x

[KLIK] Elemen: DIV
Class: html-div xexx8yu xyri2b x18d9i69 x1c1uobl x1gslohp x14z9mp x12nagc x1lziwak x1yc453h x126k92a x18lvrbx
Role: null
Text: min aik pdam di btn tanjung pura dah 3 hari dak jaln
HTML: <div dir="auto" class="html-div xexx8yu xyri2b x18d9i69 x1c1uobl x1gslohp x14z9mp x12nagc x1lziwak x1yc453h x126k92a x18lvrbx">min aik pdam di btn tan

[KLIK] Elemen: P
Class: xat24cr xdj266r
Role: null
Text:  
HTML: <p class="xat24cr xdj266r" dir="auto"><br data-lexical-managed-linebreak="true"></p>

[KLIK] Elemen: DIV
Class: x1i10hfl x972fbf x10w94by x1qhh985 x14e42zd x9f619 x3ct3a4 xdj266r x14z9mp x1lziwak x16tdsg8 x1hl2dhg xggy1nq x1a2a7pz x6s0dn4 x1ejq31n x18oe1m7 x1sy0etr xstzfhl x1ypdohk x78zum5 xl56j7k x1y1aw1k xf159sx xwib8y2 xmzvs34 x1epzrsm x4gyw5p x1jplu5e x1o7uuvo x14snt5h x7fd4wk x5slmwz x12ol6y4 x180vkcf x1khw62d x709u02 x90ne7k xu06os2 xvni27 x1spsku0
Role: button
Text: Send
HTML: <div aria-label="Send" class="x1i10hfl x972fbf x10w94by x1qhh985 x14e42zd x9f619 x3ct3a4 xdj266r x14z9mp x1lziwak x16tdsg8 x1hl2dhg xggy1nq x1a2a7pz x

[KLIK] Elemen: DIV
Class: x1i10hfl x1qjc9v5 xjbqb8w xjqpnuy xc5r6h4 xqeqjp1 x1phubyo x13fuv20 x18b5jzi x1q0q8m5 x1t7ytsu x972fbf x10w94by x1qhh985 x14e42zd x9f619 x1ypdohk xdl72j9 x2lah0s x3ct3a4 x2lwn1j xeuugli xexx8yu xyri2b x18d9i69 x1c1uobl x1n2onr6 x16tdsg8 x1hl2dhg xggy1nq x1ja2u2z x1t137rt x1q0g3np x87ps6o x1lku1pv x1a2a7pz x4gyw5p xd3so5o x1l895ks x6nl9eh x1a5l9x9 x7vuprf x1mg3h75 x1lliihq xdj266r x14z9mp xat24cr x1lziwak xg6hnt2 x18wri0h
Role: button
Text: Bguss Store You: halo   · 1m
HTML: <div class="x1i10hfl x1qjc9v5 xjbqb8w xjqpnuy xc5r6h4 xqeqjp1 x1phubyo x13fuv20 x18b5jzi x1q0q8m5 x1t7ytsu x972fbf x10w94by x1qhh985 x14e42zd x9f619 x

[KLIK] Elemen: DIV
Class: x1i10hfl xjbqb8w x1ejq31n x18oe1m7 x1sy0etr xstzfhl x972fbf x10w94by x1qhh985 x14e42zd x9f619 x1ypdohk x3ct3a4 xdj266r x14z9mp xat24cr x1lziwak x1hl2dhg xggy1nq x1a2a7pz x6s0dn4 x15mokao x1ga7v0g x16uus16 xbiv7yw x78zum5 x1xq6q5s x1iyjqo2 xs83m0k xl56j7k x6ikm8r x10wlt62 xz9dl7a xv54qhq xsag5q8 xf7dkkf x1n2onr6 x2b8uid x87ps6o x1d5wrs8
Role: tab
Text: Primary
HTML: <div aria-selected="false" class="x1i10hfl xjbqb8w x1ejq31n x18oe1m7 x1sy0etr xstzfhl x972fbf x10w94by x1qhh985 x14e42zd x9f619 x1ypdohk x3ct3a4 xdj26

[KLIK] Elemen: DIV
Class: x1i10hfl x1qjc9v5 xjbqb8w xjqpnuy xc5r6h4 xqeqjp1 x1phubyo x13fuv20 x18b5jzi x1q0q8m5 x1t7ytsu x972fbf x10w94by x1qhh985 x14e42zd x9f619 x1ypdohk xdl72j9 x2lah0s x3ct3a4 x2lwn1j xeuugli xexx8yu xyri2b x18d9i69 x1c1uobl x1n2onr6 x16tdsg8 x1hl2dhg xggy1nq x1ja2u2z x1t137rt x1q0g3np x87ps6o x1lku1pv x1a2a7pz x4gyw5p xd3so5o x1l895ks x6nl9eh x1a5l9x9 x7vuprf x1mg3h75 x1lliihq xdj266r x14z9mp xat24cr x1lziwak xg6hnt2 x18wri0h
Role: button
Text: Active Ryan min mati lampu dah 3 hari di jalan merdeka   · 1m
HTML: <div class="x1i10hfl x1qjc9v5 xjbqb8w xjqpnuy xc5r6h4 xqeqjp1 x1phubyo x13fuv20 x18b5jzi x1q0q8m5 x1t7ytsu x972fbf x10w94by x1qhh985 x14e42zd x9f619 x

[KLIK] Elemen: P
Class: xat24cr xdj266r
Role: null
Text:  
HTML: <p class="xat24cr xdj266r" dir="auto"><br data-lexical-managed-linebreak="true"></p>

[KLIK] Elemen: DIV
Class: x1i10hfl x972fbf x10w94by x1qhh985 x14e42zd x9f619 x3ct3a4 xdj266r x14z9mp x1lziwak x16tdsg8 x1hl2dhg xggy1nq x1a2a7pz x6s0dn4 x1ejq31n x18oe1m7 x1sy0etr xstzfhl x1ypdohk x78zum5 xl56j7k x1y1aw1k xf159sx xwib8y2 xmzvs34 x1epzrsm x4gyw5p x1jplu5e x1o7uuvo x14snt5h x7fd4wk x5slmwz x12ol6y4 x180vkcf x1khw62d x709u02 x90ne7k xu06os2 xvni27 x1spsku0
Role: button
Text: Send
HTML: <div aria-label="Send" class="x1i10hfl x972fbf x10w94by x1qhh985 x14e42zd x9f619 x3ct3a4 xdj266r x14z9mp x1lziwak x16tdsg8 x1hl2dhg xggy1nq x1a2a7pz x
